Traceback (most recent call last):
  File "/opt/hostedtoolcache/Python/3.9.15/x64/lib/python3.9/site-packages/jupyter_cache/executors/utils.py", line 51, in single_nb_execution
    executenb(
  File "/opt/hostedtoolcache/Python/3.9.15/x64/lib/python3.9/site-packages/nbclient/client.py", line 1204, in execute
    return NotebookClient(nb=nb, resources=resources, km=km, **kwargs).execute()
  File "/opt/hostedtoolcache/Python/3.9.15/x64/lib/python3.9/site-packages/nbclient/util.py", line 84, in wrapped
    return just_run(coro(*args, **kwargs))
  File "/opt/hostedtoolcache/Python/3.9.15/x64/lib/python3.9/site-packages/nbclient/util.py", line 62, in just_run
    return loop.run_until_complete(coro)
  File "/opt/hostedtoolcache/Python/3.9.15/x64/lib/python3.9/asyncio/base_events.py", line 647, in run_until_complete
    return future.result()
  File "/opt/hostedtoolcache/Python/3.9.15/x64/lib/python3.9/site-packages/nbclient/client.py", line 663, in async_execute
    await self.async_execute_cell(
  File "/opt/hostedtoolcache/Python/3.9.15/x64/lib/python3.9/site-packages/nbclient/client.py", line 965, in async_execute_cell
    await self._check_raise_for_error(cell, cell_index, exec_reply)
  File "/opt/hostedtoolcache/Python/3.9.15/x64/lib/python3.9/site-packages/nbclient/client.py", line 862, in _check_raise_for_error
    raise CellExecutionError.from_cell_and_msg(cell, exec_reply_content)
nbclient.exceptions.CellExecutionError: An error occurred while executing the following cell:
------------------
FM_accept_list = []
for i in range(0,MPI_n,1):
    rank_path = os.path.join(FM_path,'rank_'+str(i)+'_output/chain_0_FM_2_accept_all')
    FM_accept = np.loadtxt(rank_path)[N:,:]
    FM_accept_list.append(FM_accept)

max_len = max(len(row) for row in FM_accept_list)
# min_len = min(len(row) for row in FM_accept_list)


FM_all_list = []
for i in range(0,max_len,1):
    # print(i)
    for j in range(0,MPI_n,1):
        len_mpi_n = len(FM_accept_list[j])
        if i < len_mpi_n:
            FM_all_list.append(FM_accept_list[j][i])

# FM = np.array(FM_all_list)




FM_all = np.array(FM_all_list)
FM_raw = FM_all[N:,1:7]   # 
Mxx_np = FM_raw[:,0]
Mxy_np = FM_raw[:,1]
Mxz_np = FM_raw[:,2]
Myy_np = FM_raw[:,3]
Myz_np = FM_raw[:,4]
Mzz_np = FM_raw[:,5]
FM = np.vstack((Mxx_np,  Myy_np,  Mzz_np,  Mxy_np,  Mxz_np,  Myz_np)).T


FM_mean=np.zeros(shape=(6))
for i in range(0,6,1):
    FM_mean[i]=np.mean(FM[0:,i])



------------------

[0;31m---------------------------------------------------------------------------[0m
[0;31mNameError[0m                                 Traceback (most recent call last)
Cell [0;32mIn[2], line 3[0m
[1;32m      1[0m FM_accept_list [38;5;241m=[39m []
[1;32m      2[0m [38;5;28;01mfor[39;00m i [38;5;129;01min[39;00m [38;5;28mrange[39m([38;5;241m0[39m,MPI_n,[38;5;241m1[39m):
[0;32m----> 3[0m     rank_path [38;5;241m=[39m [43mos[49m[38;5;241m.[39mpath[38;5;241m.[39mjoin(FM_path,[38;5;124m'[39m[38;5;124mrank_[39m[38;5;124m'[39m[38;5;241m+[39m[38;5;28mstr[39m(i)[38;5;241m+[39m[38;5;124m'[39m[38;5;124m_output/chain_0_FM_2_accept_all[39m[38;5;124m'[39m)
[1;32m      4[0m     FM_accept [38;5;241m=[39m np[38;5;241m.[39mloadtxt(rank_path)[N:,:]
[1;32m      5[0m     FM_accept_list[38;5;241m.[39mappend(FM_accept)

[0;31mNameError[0m: name 'os' is not defined
NameError: name 'os' is not defined

